// Jest Snapshot v1, https://goo.gl/fbAQLP

exports[`Page component matches snapshot 1`] = `
<DocumentFragment>
  <div>
    <div
      class="EditableItem__Text-apsj0b-0 jUHTNR"
    >
      page1
    </div>
  </div>
</DocumentFragment>
`;
