// Jest Snapshot v1, https://goo.gl/fbAQLP

exports[`RightPanel component matches snapshot 1`] = `
<DocumentFragment>
  <div
    class="RightPanel__RightPanelWrapper-sc-1amlud5-0 dVOEbY"
  >
    <label
      class="RightPanel__Label-sc-1amlud5-1 eIbqoz"
    >
      X 
      <input
        max="999"
        min="0"
        type="number"
        value="0"
      />
    </label>
    <label
      class="RightPanel__Label-sc-1amlud5-1 eIbqoz"
    >
      Y 
      <input
        max="999"
        min="0"
        type="number"
        value="0"
      />
    </label>
    <label
      class="RightPanel__Label-sc-1amlud5-1 eIbqoz"
    >
      O 
      <input
        max="100"
        min="0"
        type="number"
        value="1"
      />
      <input
        max="100"
        min="0"
        type="range"
        value="100"
      />
    </label>
    <label
      class="RightPanel__Label-sc-1amlud5-1 eIbqoz"
    >
      B 
      <div
        class="ColorPicker__ColorPickerWrapper-sc-1fchp4r-0 eSLzde"
        color="#008800"
      >
        <input
          class="ColorPicker__ColorInput-sc-1fchp4r-1 gufyRf"
          type="color"
          value="#008800"
        />
      </div>
      #008800
    </label>
  </div>
</DocumentFragment>
`;
